Archive member included to satisfy reference by file (symbol)

c:/program files (x86)/atmel/studio/7.0/toolchain/avr8/avr8-gnu-toolchain/bin/../lib/gcc/avr/5.4.0/avr5\libgcc.a(_udivmodqi4.o)
                              OS_Scheduler.o (__udivmodqi4)
c:/program files (x86)/atmel/studio/7.0/toolchain/avr8/avr8-gnu-toolchain/bin/../lib/gcc/avr/5.4.0/avr5\libgcc.a(_divmodhi4.o)
                              Servo.o (__divmodhi4)
c:/program files (x86)/atmel/studio/7.0/toolchain/avr8/avr8-gnu-toolchain/bin/../lib/gcc/avr/5.4.0/avr5\libgcc.a(_udivmodsi4.o)
                              Timer0.o (__udivmodsi4)
c:/program files (x86)/atmel/studio/7.0/toolchain/avr8/avr8-gnu-toolchain/bin/../lib/gcc/avr/5.4.0/avr5\libgcc.a(_exit.o)
                              C:/Program Files (x86)/Atmel/Studio/7.0/Packs/Atmel/ATmega_DFP/1.3.300/gcc/dev/atmega32/avr5/crtatmega32.o (exit)
c:/program files (x86)/atmel/studio/7.0/toolchain/avr8/avr8-gnu-toolchain/bin/../lib/gcc/avr/5.4.0/avr5\libgcc.a(_copy_data.o)
                              KEYPAD.o (__do_copy_data)
c:/program files (x86)/atmel/studio/7.0/toolchain/avr8/avr8-gnu-toolchain/bin/../lib/gcc/avr/5.4.0/avr5\libgcc.a(_clear_bss.o)
                              croutine.o (__do_clear_bss)
c:/program files (x86)/atmel/studio/7.0/toolchain/avr8/avr8-gnu-toolchain/bin/../lib/gcc/avr/5.4.0/avr5\libgcc.a(_muluhisi3.o)
                              Timer0.o (__muluhisi3)
c:/program files (x86)/atmel/studio/7.0/toolchain/avr8/avr8-gnu-toolchain/bin/../lib/gcc/avr/5.4.0/avr5\libgcc.a(_udivmodhi4.o)
                              c:/program files (x86)/atmel/studio/7.0/toolchain/avr8/avr8-gnu-toolchain/bin/../lib/gcc/avr/5.4.0/avr5\libgcc.a(_divmodhi4.o) (__udivmodhi4)
c:/program files (x86)/atmel/studio/7.0/toolchain/avr8/avr8-gnu-toolchain/bin/../lib/gcc/avr/5.4.0/avr5\libgcc.a(_umulhisi3.o)
                              c:/program files (x86)/atmel/studio/7.0/toolchain/avr8/avr8-gnu-toolchain/bin/../lib/gcc/avr/5.4.0/avr5\libgcc.a(_muluhisi3.o) (__umulhisi3)
c:/program files (x86)/atmel/studio/7.0/toolchain/avr8/avr8-gnu-toolchain/bin/../lib/gcc/avr/5.4.0/../../../../avr/lib/avr5\libc.a(memcpy.o)
                              queue.o (memcpy)

Discarded input sections

 .data          0x00000000        0x0 C:/Program Files (x86)/Atmel/Studio/7.0/Packs/Atmel/ATmega_DFP/1.3.300/gcc/dev/atmega32/avr5/crtatmega32.o
 .bss           0x00000000        0x0 C:/Program Files (x86)/Atmel/Studio/7.0/Packs/Atmel/ATmega_DFP/1.3.300/gcc/dev/atmega32/avr5/crtatmega32.o
 .text          0x00000000        0x0 ADC.o
 .data          0x00000000        0x0 ADC.o
 .bss           0x00000000        0x0 ADC.o
 .text.ADC_Initialize
                0x00000000       0x1c ADC.o
 .text.ADC_Read
                0x00000000        0xc ADC.o
 .debug_info    0x00000000       0xb8 ADC.o
 .debug_abbrev  0x00000000       0x7a ADC.o
 .debug_loc     0x00000000       0x24 ADC.o
 .debug_aranges
                0x00000000       0x28 ADC.o
 .debug_ranges  0x00000000       0x18 ADC.o
 .debug_line    0x00000000       0xea ADC.o
 .debug_str     0x00000000      0x1b1 ADC.o
 .comment       0x00000000       0x31 ADC.o
 .debug_frame   0x00000000       0x34 ADC.o
 .text          0x00000000        0x0 croutine.o
 .data          0x00000000        0x0 croutine.o
 .bss           0x00000000        0x0 croutine.o
 .text.xCoRoutineCreate
                0x00000000       0xf0 croutine.o
 .text.vCoRoutineAddToDelayedList
                0x00000000       0x86 croutine.o
 .text.vCoRoutineSchedule
                0x00000000      0x282 croutine.o
 .text.xCoRoutineRemoveFromEventList
                0x00000000       0x4a croutine.o
 .bss.xPassedTicks
                0x00000000        0x2 croutine.o
 .bss.xLastTickCount
                0x00000000        0x2 croutine.o
 .bss.xCoRoutineTickCount
                0x00000000        0x2 croutine.o
 .bss.uxTopCoRoutineReadyPriority
                0x00000000        0x1 croutine.o
 .bss.pxCurrentCoRoutine
                0x00000000        0x2 croutine.o
 .bss.xPendingReadyCoRoutineList
                0x00000000        0x9 croutine.o
 .bss.pxOverflowDelayedCoRoutineList
                0x00000000        0x2 croutine.o
 .bss.pxDelayedCoRoutineList
                0x00000000        0x2 croutine.o
 .bss.xDelayedCoRoutineList2
                0x00000000        0x9 croutine.o
 .bss.xDelayedCoRoutineList1
                0x00000000        0x9 croutine.o
 .bss.pxReadyCoRoutineLists
                0x00000000       0x12 croutine.o
 .debug_info    0x00000000      0x785 croutine.o
 .debug_abbrev  0x00000000      0x232 croutine.o
 .debug_loc     0x00000000      0x3eb croutine.o
 .debug_aranges
                0x00000000       0x38 croutine.o
 .debug_ranges  0x00000000       0x28 croutine.o
 .debug_line    0x00000000      0x311 croutine.o
 .debug_str     0x00000000      0x565 croutine.o
 .comment       0x00000000       0x31 croutine.o
 .debug_frame   0x00000000       0xc0 croutine.o
 .text          0x00000000        0x0 DIO.o
 .data          0x00000000        0x0 DIO.o
 .bss           0x00000000        0x0 DIO.o
 .text.DIO_TglPin_State
                0x00000000       0x68 DIO.o
 .text.DIO_GetPin_State
                0x00000000       0x68 DIO.o
 .text.DIO_SetPin_PullUp
                0x00000000       0x68 DIO.o
 .text          0x00000000        0x0 HC_05.o
 .data          0x00000000        0x0 HC_05.o
 .bss           0x00000000        0x0 HC_05.o
 .debug_info    0x00000000       0x56 HC_05.o
 .debug_abbrev  0x00000000       0x26 HC_05.o
 .debug_aranges
                0x00000000       0x18 HC_05.o
 .debug_line    0x00000000       0x1a HC_05.o
 .debug_str     0x00000000      0x18a HC_05.o
 .comment       0x00000000       0x31 HC_05.o
 .text          0x00000000        0x0 heap_1.o
 .data          0x00000000        0x0 heap_1.o
 .bss           0x00000000        0x0 heap_1.o
 .text.pvPortMalloc
                0x00000000       0x74 heap_1.o
 .text.vPortFree
                0x00000000        0x2 heap_1.o
 .text.vPortInitialiseBlocks
                0x00000000        0xa heap_1.o
 .text.xPortGetFreeHeapSize
                0x00000000       0x12 heap_1.o
 .bss.pucAlignedHeap.2107
                0x00000000        0x2 heap_1.o
 .bss.xNextFreeByte
                0x00000000        0x2 heap_1.o
 .bss.ucHeap    0x00000000      0x5dc heap_1.o
 .debug_info    0x00000000      0x1a4 heap_1.o
 .debug_abbrev  0x00000000      0x11c heap_1.o
 .debug_loc     0x00000000      0x10f heap_1.o
 .debug_aranges
                0x00000000       0x38 heap_1.o
 .debug_ranges  0x00000000       0x28 heap_1.o
 .debug_line    0x00000000      0x1ad heap_1.o
 .debug_str     0x00000000      0x24b heap_1.o
 .comment       0x00000000       0x31 heap_1.o
 .debug_frame   0x00000000       0x60 heap_1.o
 .text          0x00000000        0x0 KEYPAD.o
 .data          0x00000000        0x0 KEYPAD.o
 .bss           0x00000000        0x0 KEYPAD.o
 .text.KEYPAD_Init
                0x00000000       0x9a KEYPAD.o
 .text.KEYPAD_READ
                0x00000000       0x88 KEYPAD.o
 .rodata.KEYPAD
                0x00000000       0x10 KEYPAD.o
 .debug_info    0x00000000      0x48a KEYPAD.o
 .debug_abbrev  0x00000000      0x16d KEYPAD.o
 .debug_loc     0x00000000      0x163 KEYPAD.o
 .debug_aranges
                0x00000000       0x28 KEYPAD.o
 .debug_ranges  0x00000000       0x18 KEYPAD.o
 .debug_line    0x00000000      0x1f9 KEYPAD.o
 .debug_str     0x00000000      0x2fa KEYPAD.o
 .comment       0x00000000       0x31 KEYPAD.o
 .debug_frame   0x00000000       0x58 KEYPAD.o
 .text          0x00000000        0x0 LCD.o
 .data          0x00000000        0x0 LCD.o
 .bss           0x00000000        0x0 LCD.o
 .text.LCD_WRITE_DTA
                0x00000000       0x90 LCD.o
 .text.LCD_WRITE_STR
                0x00000000       0x1e LCD.o
 .text.LCD_WRITE_CHR
                0x00000000        0x8 LCD.o
 .text          0x00000000        0x0 list.o
 .data          0x00000000        0x0 list.o
 .bss           0x00000000        0x0 list.o
 .text.vListInitialise
                0x00000000       0x1c list.o
 .text.vListInitialiseItem
                0x00000000        0x8 list.o
 .text.vListInsert
                0x00000000       0x62 list.o
 .text          0x00000000        0x0 main.o
 .data          0x00000000        0x0 main.o
 .bss           0x00000000        0x0 main.o
 .text          0x00000000        0x0 Motor.o
 .data          0x00000000        0x0 Motor.o
 .bss           0x00000000        0x0 Motor.o
 .text.Motor1_Initialization
                0x00000000       0x20 Motor.o
 .text.Motor2_Initialization
                0x00000000       0x20 Motor.o
 .text.Motor1_Enable
                0x00000000        0xc Motor.o
 .text.Motor2_Enable
                0x00000000        0xc Motor.o
 .text.Motor1_Disable
                0x00000000        0xc Motor.o
 .text.Motor2_Disable
                0x00000000        0xc Motor.o
 .text.Motor1_CW
                0x00000000       0x16 Motor.o
 .text.Motor1_CCW
                0x00000000       0x16 Motor.o
 .text.Motor2_CW
                0x00000000       0x16 Motor.o
 .text.Motor2_CCW
                0x00000000       0x16 Motor.o
 .debug_info    0x00000000      0x400 Motor.o
 .debug_abbrev  0x00000000       0x94 Motor.o
 .debug_aranges
                0x00000000       0x68 Motor.o
 .debug_ranges  0x00000000       0x58 Motor.o
 .debug_line    0x00000000      0x156 Motor.o
 .debug_str     0x00000000      0x2d6 Motor.o
 .comment       0x00000000       0x31 Motor.o
 .debug_frame   0x00000000       0xb4 Motor.o
 .text          0x00000000        0x0 OS_Scheduler.o
 .data          0x00000000        0x0 OS_Scheduler.o
 .bss           0x00000000        0x0 OS_Scheduler.o
 .text.scheduler
                0x00000000       0x36 OS_Scheduler.o
 .bss.OS_TICK   0x00000000        0x1 OS_Scheduler.o
 .data.array    0x00000000        0x9 OS_Scheduler.o
 .debug_info    0x00000000      0x108 OS_Scheduler.o
 .debug_abbrev  0x00000000       0xc0 OS_Scheduler.o
 .debug_loc     0x00000000       0x5d OS_Scheduler.o
 .debug_aranges
                0x00000000       0x20 OS_Scheduler.o
 .debug_ranges  0x00000000       0x10 OS_Scheduler.o
 .debug_line    0x00000000       0xcd OS_Scheduler.o
 .debug_str     0x00000000      0x1cb OS_Scheduler.o
 .comment       0x00000000       0x31 OS_Scheduler.o
 .debug_frame   0x00000000       0x38 OS_Scheduler.o
 .text          0x00000000        0x0 OS_Tasks.o
 .data          0x00000000        0x0 OS_Tasks.o
 .bss           0x00000000        0x0 OS_Tasks.o
 .text.checkBtn1
                0x00000000       0x18 OS_Tasks.o
 .text.checkBtn2
                0x00000000       0x18 OS_Tasks.o
 .text.displayRes
                0x00000000       0x8a OS_Tasks.o
 .bss.inc       0x00000000        0x1 OS_Tasks.o
 .debug_info    0x00000000      0x181 OS_Tasks.o
 .debug_abbrev  0x00000000       0xcc OS_Tasks.o
 .debug_loc     0x00000000       0x70 OS_Tasks.o
 .debug_aranges
                0x00000000       0x30 OS_Tasks.o
 .debug_ranges  0x00000000       0x20 OS_Tasks.o
 .debug_line    0x00000000      0x156 OS_Tasks.o
 .debug_str     0x00000000      0x221 OS_Tasks.o
 .comment       0x00000000       0x31 OS_Tasks.o
 .debug_frame   0x00000000       0x54 OS_Tasks.o
 .text          0x00000000        0x0 OUTPUT_Module.o
 .data          0x00000000        0x0 OUTPUT_Module.o
 .bss           0x00000000        0x0 OUTPUT_Module.o
 .text.LED0_Initialize
                0x00000000        0xc OUTPUT_Module.o
 .text.LED0_ON  0x00000000        0xc OUTPUT_Module.o
 .text.LED0_OFF
                0x00000000        0xc OUTPUT_Module.o
 .text.LED0_Toggle
                0x00000000        0xa OUTPUT_Module.o
 .text.LED1_Initialize
                0x00000000        0xc OUTPUT_Module.o
 .text.LED1_ON  0x00000000        0xc OUTPUT_Module.o
 .text.LED1_OFF
                0x00000000        0xc OUTPUT_Module.o
 .text.LED1_Toggle
                0x00000000        0xa OUTPUT_Module.o
 .text.LED2_Initialize
                0x00000000        0xc OUTPUT_Module.o
 .text.LED2_ON  0x00000000        0xc OUTPUT_Module.o
 .text.LED2_OFF
                0x00000000        0xc OUTPUT_Module.o
 .text.LED2_Toggle
                0x00000000        0xa OUTPUT_Module.o
 .debug_info    0x00000000      0x37e OUTPUT_Module.o
 .debug_abbrev  0x00000000       0x87 OUTPUT_Module.o
 .debug_aranges
                0x00000000       0x78 OUTPUT_Module.o
 .debug_ranges  0x00000000       0x68 OUTPUT_Module.o
 .debug_line    0x00000000      0x15a OUTPUT_Module.o
 .debug_str     0x00000000      0x2e6 OUTPUT_Module.o
 .comment       0x00000000       0x31 OUTPUT_Module.o
 .debug_frame   0x00000000       0xd4 OUTPUT_Module.o
 .text          0x00000000        0x0 port.o
 .data          0x00000000        0x0 port.o
 .bss           0x00000000        0x0 port.o
 .text.pxPortInitialiseStack
                0x00000000       0xd8 port.o
 .text.xPortStartScheduler
                0x00000000       0x6a port.o
 .text.vPortEndScheduler
                0x00000000        0x2 port.o
 .text.vPortYield
                0x00000000       0xb2 port.o
 .text          0x00000000        0x0 queue.o
 .data          0x00000000        0x0 queue.o
 .bss           0x00000000        0x0 queue.o
 .text.prvIsQueueEmpty
                0x00000000       0x16 queue.o
 .text.prvCopyDataToQueue
                0x00000000       0x92 queue.o
 .text.prvCopyDataFromQueue
                0x00000000       0x34 queue.o
 .text.prvUnlockQueue
                0x00000000       0x9a queue.o
 .text.xQueueGenericReset
                0x00000000       0x8c queue.o
 .text.xQueueGenericCreate
                0x00000000       0x46 queue.o
 .text.xQueueGenericSend
                0x00000000      0x142 queue.o
 .text.xQueueGenericSendFromISR
                0x00000000       0x78 queue.o
 .text.xQueueGiveFromISR
                0x00000000       0x52 queue.o
 .text.xQueueReceive
                0x00000000      0x132 queue.o
 .text.xQueueSemaphoreTake
                0x00000000      0x11a queue.o
 .text.xQueuePeek
                0x00000000      0x132 queue.o
 .text.xQueueReceiveFromISR
                0x00000000       0x6e queue.o
 .text.xQueuePeekFromISR
                0x00000000       0x2e queue.o
 .text.uxQueueMessagesWaiting
                0x00000000       0x10 queue.o
 .text.uxQueueSpacesAvailable
                0x00000000       0x14 queue.o
 .text.uxQueueMessagesWaitingFromISR
                0x00000000        0x6 queue.o
 .text.vQueueDelete
                0x00000000        0x6 queue.o
 .text.xQueueIsQueueEmptyFromISR
                0x00000000        0xc queue.o
 .text.xQueueIsQueueFullFromISR
                0x00000000        0xe queue.o
 .text.xQueueCRSend
                0x00000000       0x72 queue.o
 .text.xQueueCRReceive
                0x00000000       0x92 queue.o
 .text.xQueueCRSendFromISR
                0x00000000       0x48 queue.o
 .text.xQueueCRReceiveFromISR
                0x00000000       0x82 queue.o
 .debug_info    0x00000000     0x1773 queue.o
 .debug_abbrev  0x00000000      0x284 queue.o
 .debug_loc     0x00000000     0x1f34 queue.o
 .debug_aranges
                0x00000000       0xd8 queue.o
 .debug_ranges  0x00000000      0x158 queue.o
 .debug_line    0x00000000      0xbd0 queue.o
 .debug_str     0x00000000      0x847 queue.o
 .comment       0x00000000       0x31 queue.o
 .debug_frame   0x00000000      0x368 queue.o
 .text          0x00000000        0x0 S7SEG.o
 .data          0x00000000        0x0 S7SEG.o
 .bss           0x00000000        0x0 S7SEG.o
 .text.S7SEG_Initialization
                0x00000000       0x8e S7SEG.o
 .text.S7SEG_Enable1
                0x00000000        0xc S7SEG.o
 .text.S7SEG_Disable1
                0x00000000        0xc S7SEG.o
 .text.S7SEG_Enable2
                0x00000000        0xc S7SEG.o
 .text.S7SEG_Disable2
                0x00000000        0xc S7SEG.o
 .text.S7SEG_DIP_Enable
                0x00000000        0xc S7SEG.o
 .text.S7SEG_DIP_Disable
                0x00000000        0xc S7SEG.o
 .text.S7SEG_Write_Number
                0x00000000       0x76 S7SEG.o
 .debug_info    0x00000000      0x529 S7SEG.o
 .debug_abbrev  0x00000000      0x14c S7SEG.o
 .debug_loc     0x00000000      0x169 S7SEG.o
 .debug_aranges
                0x00000000       0x58 S7SEG.o
 .debug_ranges  0x00000000       0x48 S7SEG.o
 .debug_line    0x00000000      0x24c S7SEG.o
 .debug_str     0x00000000      0x331 S7SEG.o
 .comment       0x00000000       0x31 S7SEG.o
 .debug_frame   0x00000000       0xa0 S7SEG.o
 .text          0x00000000        0x0 Servo.o
 .data          0x00000000        0x0 Servo.o
 .bss           0x00000000        0x0 Servo.o
 .text.Servo_Initialization
                0x00000000       0x42 Servo.o
 .text.Servo_Rotate
                0x00000000       0x22 Servo.o
 .debug_info    0x00000000       0xb4 Servo.o
 .debug_abbrev  0x00000000       0x78 Servo.o
 .debug_loc     0x00000000       0x1e Servo.o
 .debug_aranges
                0x00000000       0x28 Servo.o
 .debug_ranges  0x00000000       0x18 Servo.o
 .debug_line    0x00000000       0xd0 Servo.o
 .debug_str     0x00000000      0x1c3 Servo.o
 .comment       0x00000000       0x31 Servo.o
 .debug_frame   0x00000000       0x34 Servo.o
 .text          0x00000000        0x0 SPI.o
 .data          0x00000000        0x0 SPI.o
 .bss           0x00000000        0x0 SPI.o
 .text.Slave_Init
                0x00000000        0xe SPI.o
 .text.Slave_Recv
                0x00000000        0x8 SPI.o
 .text          0x00000000        0x0 tasks.o
 .data          0x00000000        0x0 tasks.o
 .bss           0x00000000        0x0 tasks.o
 .text.prvIdleTask
                0x00000000       0x70 tasks.o
 .text.prvAddCurrentTaskToDelayedList
                0x00000000       0x88 tasks.o
 .text.xTaskCreate
                0x00000000      0x220 tasks.o
 .text.vTaskDelete
                0x00000000       0xaa tasks.o
 .rodata.str1.1
                0x00000000        0x5 tasks.o
 .text.vTaskStartScheduler
                0x00000000       0x58 tasks.o
 .text.vTaskEndScheduler
                0x00000000        0xc tasks.o
 .text.vTaskSuspendAll
                0x00000000        0xc tasks.o
 .text.xTaskGetTickCount
                0x00000000       0x14 tasks.o
 .text.xTaskGetTickCountFromISR
                0x00000000        0xa tasks.o
 .text.uxTaskGetNumberOfTasks
                0x00000000        0x6 tasks.o
 .text.pcTaskGetName
                0x00000000       0x10 tasks.o
 .text.xTaskResumeAll
                0x00000000      0x106 tasks.o
 .text.xTaskDelayUntil
                0x00000000       0x8e tasks.o
 .text.vTaskDelay
                0x00000000       0x28 tasks.o
 .text.xTaskCatchUpTicks
                0x00000000       0x28 tasks.o
 .text.vTaskPlaceOnEventList
                0x00000000       0x24 tasks.o
 .text.vTaskPlaceOnUnorderedEventList
                0x00000000       0x32 tasks.o
 .text.xTaskRemoveFromEventList
                0x00000000       0x90 tasks.o
 .text.vTaskRemoveFromUnorderedEventList
                0x00000000       0x70 tasks.o
 .text.vTaskSetTimeOutState
                0x00000000       0x20 tasks.o
 .text.vTaskInternalSetTimeOutState
                0x00000000       0x16 tasks.o
 .text.xTaskCheckForTimeOut
                0x00000000       0x62 tasks.o
 .text.vTaskMissedYield
                0x00000000        0x8 tasks.o
 .text.uxTaskResetEventItemValue
                0x00000000       0x2e tasks.o
 .text.ulTaskGenericNotifyTake
                0x00000000      0x102 tasks.o
 .text.xTaskGenericNotifyWait
                0x00000000      0x142 tasks.o
 .text.xTaskGenericNotify
                0x00000000      0x160 tasks.o
 .text.xTaskGenericNotifyFromISR
                0x00000000      0x184 tasks.o
 .text.vTaskGenericNotifyGiveFromISR
                0x00000000       0xd0 tasks.o
 .text.xTaskGenericNotifyStateClear
                0x00000000       0x34 tasks.o
 .text.ulTaskGenericNotifyValueClear
                0x00000000       0x68 tasks.o
 .data.uxTopUsedPriority
                0x00000000        0x1 tasks.o
 .bss.xIdleTaskHandle
                0x00000000        0x2 tasks.o
 .bss.uxTaskNumber
                0x00000000        0x1 tasks.o
 .bss.xSchedulerRunning
                0x00000000        0x1 tasks.o
 .bss.uxCurrentNumberOfTasks
                0x00000000        0x1 tasks.o
 .bss.uxDeletedTasksWaitingCleanUp
                0x00000000        0x1 tasks.o
 .bss.xTasksWaitingTermination
                0x00000000        0x9 tasks.o
 .bss.xPendingReadyList
                0x00000000        0x9 tasks.o
 .bss.xDelayedTaskList2
                0x00000000        0x9 tasks.o
 .bss.xDelayedTaskList1
                0x00000000        0x9 tasks.o
 .text          0x00000000        0x0 Timer0.o
 .data          0x00000000        0x0 Timer0.o
 .bss           0x00000000        0x0 Timer0.o
 .text.Timer0_Normal_OVF_Without_Interrupt_Initialization
                0x00000000       0x1a Timer0.o
 .text.Timer0_Normal_OVF_Without_Interrupt_Start
                0x00000000       0x14 Timer0.o
 .text.Timer0_Normal_OVF_Without_Interrupt_Stop
                0x00000000       0x14 Timer0.o
 .text.Timer0_Normal_OVF_Without_Interrupt_Delay
                0x00000000       0x72 Timer0.o
 .text.Timer0_Normal_OVF_With_Interrupt_Initialization
                0x00000000       0x1a Timer0.o
 .text.Timer0_Normal_OVF_With_Interrupt_Start
                0x00000000       0x14 Timer0.o
 .text.Timer0_Normal_OVF_With_Interrupt_Stop
                0x00000000       0x14 Timer0.o
 .text.Timer0_Normal_OVF_With_Interrupt_Delay
                0x00000000       0x8e Timer0.o
 .text.Timer0_ClearCompare_CTC_Without_Interrupt_Initialization
                0x00000000       0x1a Timer0.o
 .text.Timer0_ClearCompare_CTC_Without_Interrupt_Start
                0x00000000       0x14 Timer0.o
 .text.Timer0_ClearCompare_CTC_Without_Interrupt_Stop
                0x00000000       0x14 Timer0.o
 .text.Timer0_ClearCompare_CTC_Without_Interrupt_Delay
                0x00000000       0x68 Timer0.o
 .text.Timer0_ClearCompare_CTC_With_Interrupt_Initialization
                0x00000000       0x1a Timer0.o
 .text.Timer0_ClearCompare_CTC_With_Interrupt_Start
                0x00000000       0x14 Timer0.o
 .text.Timer0_ClearCompare_CTC_With_Interrupt_Stop
                0x00000000       0x14 Timer0.o
 .text.Timer0_ClearCompare_CTC_With_Interrupt_Delay
                0x00000000       0x48 Timer0.o
 .text.Timer0_Fast_PWM_Initialization
                0x00000000       0x2e Timer0.o
 .text.Timer0_Fast_PWM_NonInverting_SetDutyCycle
                0x00000000        0x6 Timer0.o
 .text.Timer0_Fast_PWM_Inverting_SetDutyCycle
                0x00000000       0x10 Timer0.o
 .bss.Initial_Value
                0x00000000        0x4 Timer0.o
 .bss.CTC_Counter
                0x00000000        0x4 Timer0.o
 .bss.OVF_Counter
                0x00000000        0x4 Timer0.o
 .debug_info    0x00000000      0x39b Timer0.o
 .debug_abbrev  0x00000000       0xf0 Timer0.o
 .debug_loc     0x00000000      0x417 Timer0.o
 .debug_aranges
                0x00000000       0xb0 Timer0.o
 .debug_ranges  0x00000000       0xa0 Timer0.o
 .debug_line    0x00000000      0x31c Timer0.o
 .debug_str     0x00000000      0x53b Timer0.o
 .comment       0x00000000       0x31 Timer0.o
 .debug_frame   0x00000000      0x17c Timer0.o
 .text          0x00000000        0x0 timers.o
 .data          0x00000000        0x0 timers.o
 .bss           0x00000000        0x0 timers.o
 .debug_info    0x00000000       0x64 timers.o
 .debug_abbrev  0x00000000       0x26 timers.o
 .debug_aranges
                0x00000000       0x18 timers.o
 .debug_line    0x00000000       0x1a timers.o
 .debug_str     0x00000000      0x199 timers.o
 .comment       0x00000000       0x31 timers.o
 .text          0x00000000        0x0 UART.o
 .data          0x00000000        0x0 UART.o
 .bss           0x00000000        0x0 UART.o
 .text.UART_Transmit
                0x00000000        0x8 UART.o
 .text          0x00000000        0x0 c:/program files (x86)/atmel/studio/7.0/toolchain/avr8/avr8-gnu-toolchain/bin/../lib/gcc/avr/5.4.0/avr5\libgcc.a(_udivmodqi4.o)
 .data          0x00000000        0x0 c:/program files (x86)/atmel/studio/7.0/toolchain/avr8/avr8-gnu-toolchain/bin/../lib/gcc/avr/5.4.0/avr5\libgcc.a(_udivmodqi4.o)
 .bss           0x00000000        0x0 c:/program files (x86)/atmel/studio/7.0/toolchain/avr8/avr8-gnu-toolchain/bin/../lib/gcc/avr/5.4.0/avr5\libgcc.a(_udivmodqi4.o)
 .text.libgcc.mul
                0x00000000        0x0 c:/program files (x86)/atmel/studio/7.0/toolchain/avr8/avr8-gnu-toolchain/bin/../lib/gcc/avr/5.4.0/avr5\libgcc.a(_udivmodqi4.o)
 .text.libgcc.div
                0x00000000       0x18 c:/program files (x86)/atmel/studio/7.0/toolchain/avr8/avr8-gnu-toolchain/bin/../lib/gcc/avr/5.4.0/avr5\libgcc.a(_udivmodqi4.o)
 .text.libgcc   0x00000000        0x0 c:/program files (x86)/atmel/studio/7.0/toolchain/avr8/avr8-gnu-toolchain/bin/../lib/gcc/avr/5.4.0/avr5\libgcc.a(_udivmodqi4.o)
 .text.libgcc.prologue
                0x00000000        0x0 c:/program files (x86)/atmel/studio/7.0/toolchain/avr8/avr8-gnu-toolchain/bin/../lib/gcc/avr/5.4.0/avr5\libgcc.a(_udivmodqi4.o)
 .text.libgcc.builtins
                0x00000000        0x0 c:/program files (x86)/atmel/studio/7.0/toolchain/avr8/avr8-gnu-toolchain/bin/../lib/gcc/avr/5.4.0/avr5\libgcc.a(_udivmodqi4.o)
 .text.libgcc.fmul
                0x00000000        0x0 c:/program files (x86)/atmel/studio/7.0/toolchain/avr8/avr8-gnu-toolchain/bin/../lib/gcc/avr/5.4.0/avr5\libgcc.a(_udivmodqi4.o)
 .text.libgcc.fixed
                0x00000000        0x0 c:/program files (x86)/atmel/studio/7.0/toolchain/avr8/avr8-gnu-toolchain/bin/../lib/gcc/avr/5.4.0/avr5\libgcc.a(_udivmodqi4.o)
 .text          0x00000000        0x0 c:/program files (x86)/atmel/studio/7.0/toolchain/avr8/avr8-gnu-toolchain/bin/../lib/gcc/avr/5.4.0/avr5\libgcc.a(_divmodhi4.o)
 .data          0x00000000        0x0 c:/program files (x86)/atmel/studio/7.0/toolchain/avr8/avr8-gnu-toolchain/bin/../lib/gcc/avr/5.4.0/avr5\libgcc.a(_divmodhi4.o)
 .bss           0x00000000        0x0 c:/program files (x86)/atmel/studio/7.0/toolchain/avr8/avr8-gnu-toolchain/bin/../lib/gcc/avr/5.4.0/avr5\libgcc.a(_divmodhi4.o)
 .text.libgcc.mul
                0x00000000        0x0 c:/program files (x86)/atmel/studio/7.0/toolchain/avr8/avr8-gnu-toolchain/bin/../lib/gcc/avr/5.4.0/avr5\libgcc.a(_divmodhi4.o)
 .text.libgcc.div
                0x00000000       0x28 c:/program files (x86)/atmel/studio/7.0/toolchain/avr8/avr8-gnu-toolchain/bin/../lib/gcc/avr/5.4.0/avr5\libgcc.a(_divmodhi4.o)
 .text.libgcc   0x00000000        0x0 c:/program files (x86)/atmel/studio/7.0/toolchain/avr8/avr8-gnu-toolchain/bin/../lib/gcc/avr/5.4.0/avr5\libgcc.a(_divmodhi4.o)
 .text.libgcc.prologue
                0x00000000        0x0 c:/program files (x86)/atmel/studio/7.0/toolchain/avr8/avr8-gnu-toolchain/bin/../lib/gcc/avr/5.4.0/avr5\libgcc.a(_divmodhi4.o)
 .text.libgcc.builtins
                0x00000000        0x0 c:/program files (x86)/atmel/studio/7.0/toolchain/avr8/avr8-gnu-toolchain/bin/../lib/gcc/avr/5.4.0/avr5\libgcc.a(_divmodhi4.o)
 .text.libgcc.fmul
                0x00000000        0x0 c:/program files (x86)/atmel/studio/7.0/toolchain/avr8/avr8-gnu-toolchain/bin/../lib/gcc/avr/5.4.0/avr5\libgcc.a(_divmodhi4.o)
 .text.libgcc.fixed
                0x00000000        0x0 c:/program files (x86)/atmel/studio/7.0/toolchain/avr8/avr8-gnu-toolchain/bin/../lib/gcc/avr/5.4.0/avr5\libgcc.a(_divmodhi4.o)
 .text          0x00000000        0x0 c:/program files (x86)/atmel/studio/7.0/toolchain/avr8/avr8-gnu-toolchain/bin/../lib/gcc/avr/5.4.0/avr5\libgcc.a(_udivmodsi4.o)
 .data          0x00000000        0x0 c:/program files (x86)/atmel/studio/7.0/toolchain/avr8/avr8-gnu-toolchain/bin/../lib/gcc/avr/5.4.0/avr5\libgcc.a(_udivmodsi4.o)
 .bss           0x00000000        0x0 c:/program files (x86)/atmel/studio/7.0/toolchain/avr8/avr8-gnu-toolchain/bin/../lib/gcc/avr/5.4.0/avr5\libgcc.a(_udivmodsi4.o)
 .text.libgcc.mul
                0x00000000        0x0 c:/program files (x86)/atmel/studio/7.0/toolchain/avr8/avr8-gnu-toolchain/bin/../lib/gcc/avr/5.4.0/avr5\libgcc.a(_udivmodsi4.o)
 .text.libgcc.div
                0x00000000       0x44 c:/program files (x86)/atmel/studio/7.0/toolchain/avr8/avr8-gnu-toolchain/bin/../lib/gcc/avr/5.4.0/avr5\libgcc.a(_udivmodsi4.o)
 .text.libgcc   0x00000000        0x0 c:/program files (x86)/atmel/studio/7.0/toolchain/avr8/avr8-gnu-toolchain/bin/../lib/gcc/avr/5.4.0/avr5\libgcc.a(_udivmodsi4.o)
 .text.libgcc.prologue
                0x00000000        0x0 c:/program files (x86)/atmel/studio/7.0/toolchain/avr8/avr8-gnu-toolchain/bin/../lib/gcc/avr/5.4.0/avr5\libgcc.a(_udivmodsi4.o)
 .text.libgcc.builtins
                0x00000000        0x0 c:/program files (x86)/atmel/studio/7.0/toolchain/avr8/avr8-gnu-toolchain/bin/../lib/gcc/avr/5.4.0/avr5\libgcc.a(_udivmodsi4.o)
 .text.libgcc.fmul
                0x00000000        0x0 c:/program files (x86)/atmel/studio/7.0/toolchain/avr8/avr8-gnu-toolchain/bin/../lib/gcc/avr/5.4.0/avr5\libgcc.a(_udivmodsi4.o)
 .text.libgcc.fixed
                0x00000000        0x0 c:/program files (x86)/atmel/studio/7.0/toolchain/avr8/avr8-gnu-toolchain/bin/../lib/gcc/avr/5.4.0/avr5\libgcc.a(_udivmodsi4.o)
 .text          0x00000000        0x0 c:/program files (x86)/atmel/studio/7.0/toolchain/avr8/avr8-gnu-toolchain/bin/../lib/gcc/avr/5.4.0/avr5\libgcc.a(_exit.o)
 .data          0x00000000        0x0 c:/program files (x86)/atmel/studio/7.0/toolchain/avr8/avr8-gnu-toolchain/bin/../lib/gcc/avr/5.4.0/avr5\libgcc.a(_exit.o)
 .bss           0x00000000        0x0 c:/program files (x86)/atmel/studio/7.0/toolchain/avr8/avr8-gnu-toolchain/bin/../lib/gcc/avr/5.4.0/avr5\libgcc.a(_exit.o)
 .text.libgcc.mul
                0x00000000        0x0 c:/program files (x86)/atmel/studio/7.0/toolchain/avr8/avr8-gnu-toolchain/bin/../lib/gcc/avr/5.4.0/avr5\libgcc.a(_exit.o)
 .text.libgcc.div
                0x00000000        0x0 c:/program files (x86)/atmel/studio/7.0/toolchain/avr8/avr8-gnu-toolchain/bin/../lib/gcc/avr/5.4.0/avr5\libgcc.a(_exit.o)
 .text.libgcc   0x00000000        0x0 c:/program files (x86)/atmel/studio/7.0/toolchain/avr8/avr8-gnu-toolchain/bin/../lib/gcc/avr/5.4.0/avr5\libgcc.a(_exit.o)
 .text.libgcc.prologue
                0x00000000        0x0 c:/program files (x86)/atmel/studio/7.0/toolchain/avr8/avr8-gnu-toolchain/bin/../lib/gcc/avr/5.4.0/avr5\libgcc.a(_exit.o)
 .text.libgcc.builtins
                0x00000000        0x0 c:/program files (x86)/atmel/studio/7.0/toolchain/avr8/avr8-gnu-toolchain/bin/../lib/gcc/avr/5.4.0/avr5\libgcc.a(_exit.o)
 .text.libgcc.fmul
                0x00000000        0x0 c:/program files (x86)/atmel/studio/7.0/toolchain/avr8/avr8-gnu-toolchain/bin/../lib/gcc/avr/5.4.0/avr5\libgcc.a(_exit.o)
 .text.libgcc.fixed
                0x00000000        0x0 c:/program files (x86)/atmel/studio/7.0/toolchain/avr8/avr8-gnu-toolchain/bin/../lib/gcc/avr/5.4.0/avr5\libgcc.a(_exit.o)
 .text          0x00000000        0x0 c:/program files (x86)/atmel/studio/7.0/toolchain/avr8/avr8-gnu-toolchain/bin/../lib/gcc/avr/5.4.0/avr5\libgcc.a(_copy_data.o)
 .data          0x00000000        0x0 c:/program files (x86)/atmel/studio/7.0/toolchain/avr8/avr8-gnu-toolchain/bin/../lib/gcc/avr/5.4.0/avr5\libgcc.a(_copy_data.o)
 .bss           0x00000000        0x0 c:/program files (x86)/atmel/studio/7.0/toolchain/avr8/avr8-gnu-toolchain/bin/../lib/gcc/avr/5.4.0/avr5\libgcc.a(_copy_data.o)
 .text.libgcc.mul
                0x00000000        0x0 c:/program files (x86)/atmel/studio/7.0/toolchain/avr8/avr8-gnu-toolchain/bin/../lib/gcc/avr/5.4.0/avr5\libgcc.a(_copy_data.o)
 .text.libgcc.div
                0x00000000        0x0 c:/program files (x86)/atmel/studio/7.0/toolchain/avr8/avr8-gnu-toolchain/bin/../lib/gcc/avr/5.4.0/avr5\libgcc.a(_copy_data.o)
 .text.libgcc   0x00000000        0x0 c:/program files (x86)/atmel/studio/7.0/toolchain/avr8/avr8-gnu-toolchain/bin/../lib/gcc/avr/5.4.0/avr5\libgcc.a(_copy_data.o)
 .text.libgcc.prologue
                0x00000000        0x0 c:/program files (x86)/atmel/studio/7.0/toolchain/avr8/avr8-gnu-toolchain/bin/../lib/gcc/avr/5.4.0/avr5\libgcc.a(_copy_data.o)
 .text.libgcc.builtins
                0x00000000        0x0 c:/program files (x86)/atmel/studio/7.0/toolchain/avr8/avr8-gnu-toolchain/bin/../lib/gcc/avr/5.4.0/avr5\libgcc.a(_copy_data.o)
 .text.libgcc.fmul
                0x00000000        0x0 c:/program files (x86)/atmel/studio/7.0/toolchain/avr8/avr8-gnu-toolchain/bin/../lib/gcc/avr/5.4.0/avr5\libgcc.a(_copy_data.o)
 .text.libgcc.fixed
                0x00000000        0x0 c:/program files (x86)/atmel/studio/7.0/toolchain/avr8/avr8-gnu-toolchain/bin/../lib/gcc/avr/5.4.0/avr5\libgcc.a(_copy_data.o)
 .text          0x00000000        0x0 c:/program files (x86)/atmel/studio/7.0/toolchain/avr8/avr8-gnu-toolchain/bin/../lib/gcc/avr/5.4.0/avr5\libgcc.a(_clear_bss.o)
 .data          0x00000000        0x0 c:/program files (x86)/atmel/studio/7.0/toolchain/avr8/avr8-gnu-toolchain/bin/../lib/gcc/avr/5.4.0/avr5\libgcc.a(_clear_bss.o)
 .bss           0x00000000        0x0 c:/program files (x86)/atmel/studio/7.0/toolchain/avr8/avr8-gnu-toolchain/bin/../lib/gcc/avr/5.4.0/avr5\libgcc.a(_clear_bss.o)
 .text.libgcc.mul
                0x00000000        0x0 c:/program files (x86)/atmel/studio/7.0/toolchain/avr8/avr8-gnu-toolchain/bin/../lib/gcc/avr/5.4.0/avr5\libgcc.a(_clear_bss.o)
 .text.libgcc.div
                0x00000000        0x0 c:/program files (x86)/atmel/studio/7.0/toolchain/avr8/avr8-gnu-toolchain/bin/../lib/gcc/avr/5.4.0/avr5\libgcc.a(_clear_bss.o)
 .text.libgcc   0x00000000        0x0 c:/program files (x86)/atmel/studio/7.0/toolchain/avr8/avr8-gnu-toolchain/bin/../lib/gcc/avr/5.4.0/avr5\libgcc.a(_clear_bss.o)
 .text.libgcc.prologue
                0x00000000        0x0 c:/program files (x86)/atmel/studio/7.0/toolchain/avr8/avr8-gnu-toolchain/bin/../lib/gcc/avr/5.4.0/avr5\libgcc.a(_clear_bss.o)
 .text.libgcc.builtins
                0x00000000        0x0 c:/program files (x86)/atmel/studio/7.0/toolchain/avr8/avr8-gnu-toolchain/bin/../lib/gcc/avr/5.4.0/avr5\libgcc.a(_clear_bss.o)
 .text.libgcc.fmul
                0x00000000        0x0 c:/program files (x86)/atmel/studio/7.0/toolchain/avr8/avr8-gnu-toolchain/bin/../lib/gcc/avr/5.4.0/avr5\libgcc.a(_clear_bss.o)
 .text.libgcc.fixed
                0x00000000        0x0 c:/program files (x86)/atmel/studio/7.0/toolchain/avr8/avr8-gnu-toolchain/bin/../lib/gcc/avr/5.4.0/avr5\libgcc.a(_clear_bss.o)
 .text          0x00000000        0x0 c:/program files (x86)/atmel/studio/7.0/toolchain/avr8/avr8-gnu-toolchain/bin/../lib/gcc/avr/5.4.0/avr5\libgcc.a(_muluhisi3.o)
 .data          0x00000000        0x0 c:/program files (x86)/atmel/studio/7.0/toolchain/avr8/avr8-gnu-toolchain/bin/../lib/gcc/avr/5.4.0/avr5\libgcc.a(_muluhisi3.o)
 .bss           0x00000000        0x0 c:/program files (x86)/atmel/studio/7.0/toolchain/avr8/avr8-gnu-toolchain/bin/../lib/gcc/avr/5.4.0/avr5\libgcc.a(_muluhisi3.o)
 .text.libgcc.mul
                0x00000000       0x16 c:/program files (x86)/atmel/studio/7.0/toolchain/avr8/avr8-gnu-toolchain/bin/../lib/gcc/avr/5.4.0/avr5\libgcc.a(_muluhisi3.o)
 .text.libgcc.div
                0x00000000        0x0 c:/program files (x86)/atmel/studio/7.0/toolchain/avr8/avr8-gnu-toolchain/bin/../lib/gcc/avr/5.4.0/avr5\libgcc.a(_muluhisi3.o)
 .text.libgcc   0x00000000        0x0 c:/program files (x86)/atmel/studio/7.0/toolchain/avr8/avr8-gnu-toolchain/bin/../lib/gcc/avr/5.4.0/avr5\libgcc.a(_muluhisi3.o)
 .text.libgcc.prologue
                0x00000000        0x0 c:/program files (x86)/atmel/studio/7.0/toolchain/avr8/avr8-gnu-toolchain/bin/../lib/gcc/avr/5.4.0/avr5\libgcc.a(_muluhisi3.o)
 .text.libgcc.builtins
                0x00000000        0x0 c:/program files (x86)/atmel/studio/7.0/toolchain/avr8/avr8-gnu-toolchain/bin/../lib/gcc/avr/5.4.0/avr5\libgcc.a(_muluhisi3.o)
 .text.libgcc.fmul
                0x00000000        0x0 c:/program files (x86)/atmel/studio/7.0/toolchain/avr8/avr8-gnu-toolchain/bin/../lib/gcc/avr/5.4.0/avr5\libgcc.a(_muluhisi3.o)
 .text.libgcc.fixed
                0x00000000        0x0 c:/program files (x86)/atmel/studio/7.0/toolchain/avr8/avr8-gnu-toolchain/bin/../lib/gcc/avr/5.4.0/avr5\libgcc.a(_muluhisi3.o)
 .text          0x00000000        0x0 c:/program files (x86)/atmel/studio/7.0/toolchain/avr8/avr8-gnu-toolchain/bin/../lib/gcc/avr/5.4.0/avr5\libgcc.a(_udivmodhi4.o)
 .data          0x00000000        0x0 c:/program files (x86)/atmel/studio/7.0/toolchain/avr8/avr8-gnu-toolchain/bin/../lib/gcc/avr/5.4.0/avr5\libgcc.a(_udivmodhi4.o)
 .bss           0x00000000        0x0 c:/program files (x86)/atmel/studio/7.0/toolchain/avr8/avr8-gnu-toolchain/bin/../lib/gcc/avr/5.4.0/avr5\libgcc.a(_udivmodhi4.o)
 .text.libgcc.mul
                0x00000000        0x0 c:/program files (x86)/atmel/studio/7.0/toolchain/avr8/avr8-gnu-toolchain/bin/../lib/gcc/avr/5.4.0/avr5\libgcc.a(_udivmodhi4.o)
 .text.libgcc.div
                0x00000000       0x28 c:/program files (x86)/atmel/studio/7.0/toolchain/avr8/avr8-gnu-toolchain/bin/../lib/gcc/avr/5.4.0/avr5\libgcc.a(_udivmodhi4.o)
 .text.libgcc   0x00000000        0x0 c:/program files (x86)/atmel/studio/7.0/toolchain/avr8/avr8-gnu-toolchain/bin/../lib/gcc/avr/5.4.0/avr5\libgcc.a(_udivmodhi4.o)
 .text.libgcc.prologue
                0x00000000        0x0 c:/program files (x86)/atmel/studio/7.0/toolchain/avr8/avr8-gnu-toolchain/bin/../lib/gcc/avr/5.4.0/avr5\libgcc.a(_udivmodhi4.o)
 .text.libgcc.builtins
                0x00000000        0x0 c:/program files (x86)/atmel/studio/7.0/toolchain/avr8/avr8-gnu-toolchain/bin/../lib/gcc/avr/5.4.0/avr5\libgcc.a(_udivmodhi4.o)
 .text.libgcc.fmul
                0x00000000        0x0 c:/program files (x86)/atmel/studio/7.0/toolchain/avr8/avr8-gnu-toolchain/bin/../lib/gcc/avr/5.4.0/avr5\libgcc.a(_udivmodhi4.o)
 .text.libgcc.fixed
                0x00000000        0x0 c:/program files (x86)/atmel/studio/7.0/toolchain/avr8/avr8-gnu-toolchain/bin/../lib/gcc/avr/5.4.0/avr5\libgcc.a(_udivmodhi4.o)
 .text          0x00000000        0x0 c:/program files (x86)/atmel/studio/7.0/toolchain/avr8/avr8-gnu-toolchain/bin/../lib/gcc/avr/5.4.0/avr5\libgcc.a(_umulhisi3.o)
 .data          0x00000000        0x0 c:/program files (x86)/atmel/studio/7.0/toolchain/avr8/avr8-gnu-toolchain/bin/../lib/gcc/avr/5.4.0/avr5\libgcc.a(_umulhisi3.o)
 .bss           0x00000000        0x0 c:/program files (x86)/atmel/studio/7.0/toolchain/avr8/avr8-gnu-toolchain/bin/../lib/gcc/avr/5.4.0/avr5\libgcc.a(_umulhisi3.o)
 .text.libgcc.mul
                0x00000000       0x1e c:/program files (x86)/atmel/studio/7.0/toolchain/avr8/avr8-gnu-toolchain/bin/../lib/gcc/avr/5.4.0/avr5\libgcc.a(_umulhisi3.o)
 .text.libgcc.div
                0x00000000        0x0 c:/program files (x86)/atmel/studio/7.0/toolchain/avr8/avr8-gnu-toolchain/bin/../lib/gcc/avr/5.4.0/avr5\libgcc.a(_umulhisi3.o)
 .text.libgcc   0x00000000        0x0 c:/program files (x86)/atmel/studio/7.0/toolchain/avr8/avr8-gnu-toolchain/bin/../lib/gcc/avr/5.4.0/avr5\libgcc.a(_umulhisi3.o)
 .text.libgcc.prologue
                0x00000000        0x0 c:/program files (x86)/atmel/studio/7.0/toolchain/avr8/avr8-gnu-toolchain/bin/../lib/gcc/avr/5.4.0/avr5\libgcc.a(_umulhisi3.o)
 .text.libgcc.builtins
                0x00000000        0x0 c:/program files (x86)/atmel/studio/7.0/toolchain/avr8/avr8-gnu-toolchain/bin/../lib/gcc/avr/5.4.0/avr5\libgcc.a(_umulhisi3.o)
 .text.libgcc.fmul
                0x00000000        0x0 c:/program files (x86)/atmel/studio/7.0/toolchain/avr8/avr8-gnu-toolchain/bin/../lib/gcc/avr/5.4.0/avr5\libgcc.a(_umulhisi3.o)
 .text.libgcc.fixed
                0x00000000        0x0 c:/program files (x86)/atmel/studio/7.0/toolchain/avr8/avr8-gnu-toolchain/bin/../lib/gcc/avr/5.4.0/avr5\libgcc.a(_umulhisi3.o)
 .text          0x00000000        0x0 c:/program files (x86)/atmel/studio/7.0/toolchain/avr8/avr8-gnu-toolchain/bin/../lib/gcc/avr/5.4.0/../../../../avr/lib/avr5\libc.a(memcpy.o)
 .data          0x00000000        0x0 c:/program files (x86)/atmel/studio/7.0/toolchain/avr8/avr8-gnu-toolchain/bin/../lib/gcc/avr/5.4.0/../../../../avr/lib/avr5\libc.a(memcpy.o)
 .bss           0x00000000        0x0 c:/program files (x86)/atmel/studio/7.0/toolchain/avr8/avr8-gnu-toolchain/bin/../lib/gcc/avr/5.4.0/../../../../avr/lib/avr5\libc.a(memcpy.o)
 .text.avr-libc
                0x00000000       0x12 c:/program files (x86)/atmel/studio/7.0/toolchain/avr8/avr8-gnu-toolchain/bin/../lib/gcc/avr/5.4.0/../../../../avr/lib/avr5\libc.a(memcpy.o)

Memory Configuration

Name             Origin             Length             Attributes
text             0x00000000         0x00020000         xr
data             0x00800060         0x0000ffa0         rw !x
eeprom           0x00810000         0x00010000         rw !x
fuse             0x00820000         0x00000002         rw !x
lock             0x00830000         0x00000400         rw !x
signature        0x00840000         0x00000400         rw !x
user_signatures  0x00850000         0x00000400         rw !x
*default*        0x00000000         0xffffffff

Linker script and memory map

LOAD C:/Program Files (x86)/Atmel/Studio/7.0/Packs/Atmel/ATmega_DFP/1.3.300/gcc/dev/atmega32/avr5/crtatmega32.o
LOAD ADC.o
LOAD croutine.o
LOAD DIO.o
LOAD HC_05.o
LOAD heap_1.o
LOAD KEYPAD.o
LOAD LCD.o
LOAD list.o
LOAD main.o
LOAD Motor.o
LOAD OS_Scheduler.o
LOAD OS_Tasks.o
LOAD OUTPUT_Module.o
LOAD port.o
LOAD queue.o
LOAD S7SEG.o
LOAD Servo.o
LOAD SPI.o
LOAD tasks.o
LOAD Timer0.o
LOAD timers.o
LOAD UART.o
START GROUP
LOAD c:/program files (x86)/atmel/studio/7.0/toolchain/avr8/avr8-gnu-toolchain/bin/../lib/gcc/avr/5.4.0/../../../../avr/lib/avr5\libm.a
END GROUP
START GROUP
LOAD c:/program files (x86)/atmel/studio/7.0/toolchain/avr8/avr8-gnu-toolchain/bin/../lib/gcc/avr/5.4.0/avr5\libgcc.a
LOAD c:/program files (x86)/atmel/studio/7.0/toolchain/avr8/avr8-gnu-toolchain/bin/../lib/gcc/avr/5.4.0/../../../../avr/lib/avr5\libm.a
LOAD c:/program files (x86)/atmel/studio/7.0/toolchain/avr8/avr8-gnu-toolchain/bin/../lib/gcc/avr/5.4.0/../../../../avr/lib/avr5\libc.a
LOAD C:/Program Files (x86)/Atmel/Studio/7.0/Packs/Atmel/ATmega_DFP/1.3.300/gcc/dev/atmega32/avr5\libatmega32.a
END GROUP
                0x00000000                __TEXT_REGION_ORIGIN__ = DEFINED (__TEXT_REGION_ORIGIN__)?__TEXT_REGION_ORIGIN__:0x0
                0x00800060                __DATA_REGION_ORIGIN__ = DEFINED (__DATA_REGION_ORIGIN__)?__DATA_REGION_ORIGIN__:0x800060
                0x00020000                __TEXT_REGION_LENGTH__ = DEFINED (__TEXT_REGION_LENGTH__)?__TEXT_REGION_LENGTH__:0x20000
                0x0000ffa0                __DATA_REGION_LENGTH__ = DEFINED (__DATA_REGION_LENGTH__)?__DATA_REGION_LENGTH__:0xffa0
                0x00010000                __EEPROM_REGION_LENGTH__ = DEFINED (__EEPROM_REGION_LENGTH__)?__EEPROM_REGION_LENGTH__:0x10000
                [0x00000002]                __FUSE_REGION_LENGTH__ = DEFINED (__FUSE_REGION_LENGTH__)?__FUSE_REGION_LENGTH__:0x400
                0x00000400                __LOCK_REGION_LENGTH__ = DEFINED (__LOCK_REGION_LENGTH__)?__LOCK_REGION_LENGTH__:0x400
                0x00000400                __SIGNATURE_REGION_LENGTH__ = DEFINED (__SIGNATURE_REGION_LENGTH__)?__SIGNATURE_REGION_LENGTH__:0x400
                0x00000400                __USER_SIGNATURE_REGION_LENGTH__ = DEFINED (__USER_SIGNATURE_REGION_LENGTH__)?__USER_SIGNATURE_REGION_LENGTH__:0x400

.hash
 *(.hash)

.dynsym
 *(.dynsym)

.dynstr
 *(.dynstr)

.gnu.version
 *(.gnu.version)

.gnu.version_d
 *(.gnu.version_d)

.gnu.version_r
 *(.gnu.version_r)

.rel.init
 *(.rel.init)

.rela.init
 *(.rela.init)

.rel.text
 *(.rel.text)
 *(.rel.text.*)
 *(.rel.gnu.linkonce.t*)

.rela.text
 *(.rela.text)
 *(.rela.text.*)
 *(.rela.gnu.linkonce.t*)

.rel.fini
 *(.rel.fini)

.rela.fini
 *(.rela.fini)

.rel.rodata
 *(.rel.rodata)
 *(.rel.rodata.*)
 *(.rel.gnu.linkonce.r*)

.rela.rodata
 *(.rela.rodata)
 *(.rela.rodata.*)
 *(.rela.gnu.linkonce.r*)

.rel.data
 *(.rel.data)
 *(.rel.data.*)
 *(.rel.gnu.linkonce.d*)

.rela.data
 *(.rela.data)
 *(.rela.data.*)
 *(.rela.gnu.linkonce.d*)

.rel.ctors
 *(.rel.ctors)

.rela.ctors
 *(.rela.ctors)

.rel.dtors
 *(.rel.dtors)

.rela.dtors
 *(.rela.dtors)

.rel.got
 *(.rel.got)

.rela.got
 *(.rela.got)

.rel.bss
 *(.rel.bss)

.rela.bss
 *(.rela.bss)

.rel.plt
 *(.rel.plt)

.rela.plt
 *(.rela.plt)

.text           0x00000000      0x7b8
 *(.vectors)
 .vectors       0x00000000       0x54 C:/Program Files (x86)/Atmel/Studio/7.0/Packs/Atmel/ATmega_DFP/1.3.300/gcc/dev/atmega32/avr5/crtatmega32.o
                0x00000000                __vector_default
                0x00000000                __vectors
 *(.vectors)
 *(.progmem.gcc*)
                0x00000054                . = ALIGN (0x2)
                0x00000054                __trampolines_start = .
 *(.trampolines)
 .trampolines   0x00000054        0x0 linker stubs
 *(.trampolines*)
                0x00000054                __trampolines_end = .
 *libprintf_flt.a:*(.progmem.data)
 *libc.a:*(.progmem.data)
 *(.progmem*)
                0x00000054                . = ALIGN (0x2)
 *(.jumptables)
 *(.jumptables*)
 *(.lowtext)
 *(.lowtext*)
                0x00000054                __ctors_start = .
 *(.ctors)
                0x00000054                __ctors_end = .
                0x00000054                __dtors_start = .
 *(.dtors)
                0x00000054                __dtors_end = .
 SORT(*)(.ctors)
 SORT(*)(.dtors)
 *(.init0)
 .init0         0x00000054        0x0 C:/Program Files (x86)/Atmel/Studio/7.0/Packs/Atmel/ATmega_DFP/1.3.300/gcc/dev/atmega32/avr5/crtatmega32.o
                0x00000054                __init
 *(.init0)
 *(.init1)
 *(.init1)
 *(.init2)
 .init2         0x00000054        0xc C:/Program Files (x86)/Atmel/Studio/7.0/Packs/Atmel/ATmega_DFP/1.3.300/gcc/dev/atmega32/avr5/crtatmega32.o
 *(.init2)
 *(.init3)
 *(.init3)
 *(.init4)
 .init4         0x00000060       0x16 c:/program files (x86)/atmel/studio/7.0/toolchain/avr8/avr8-gnu-toolchain/bin/../lib/gcc/avr/5.4.0/avr5\libgcc.a(_copy_data.o)
                0x00000060                __do_copy_data
 .init4         0x00000076       0x10 c:/program files (x86)/atmel/studio/7.0/toolchain/avr8/avr8-gnu-toolchain/bin/../lib/gcc/avr/5.4.0/avr5\libgcc.a(_clear_bss.o)
                0x00000076                __do_clear_bss
 *(.init4)
 *(.init5)
 *(.init5)
 *(.init6)
 *(.init6)
 *(.init7)
 *(.init7)
 *(.init8)
 *(.init8)
 *(.init9)
 .init9         0x00000086        0x8 C:/Program Files (x86)/Atmel/Studio/7.0/Packs/Atmel/ATmega_DFP/1.3.300/gcc/dev/atmega32/avr5/crtatmega32.o
 *(.init9)
 *(.text)
 .text          0x0000008e        0x4 C:/Program Files (x86)/Atmel/Studio/7.0/Packs/Atmel/ATmega_DFP/1.3.300/gcc/dev/atmega32/avr5/crtatmega32.o
                0x0000008e                __vector_1
                0x0000008e                __vector_12
                0x0000008e                __bad_interrupt
                0x0000008e                __vector_6
                0x0000008e                __vector_3
                0x0000008e                __vector_11
                0x0000008e                __vector_13
                0x0000008e                __vector_17
                0x0000008e                __vector_19
                0x0000008e                __vector_5
                0x0000008e                __vector_4
                0x0000008e                __vector_9
                0x0000008e                __vector_2
                0x0000008e                __vector_15
                0x0000008e                __vector_8
                0x0000008e                __vector_14
                0x0000008e                __vector_10
                0x0000008e                __vector_16
                0x0000008e                __vector_18
                0x0000008e                __vector_20
                0x00000092                . = ALIGN (0x2)
 *(.text.*)
 .text.DIO_SetPin_Direction
                0x00000092       0xe2 DIO.o
                0x00000092                DIO_SetPin_Direction
 .text.DIO_SetPin_State
                0x00000174       0xe2 DIO.o
                0x00000174                DIO_SetPin_State
 .text.LCD_WRITE_CMD
                0x00000256       0x90 LCD.o
                0x00000256                LCD_WRITE_CMD
 .text.LCD_Init
                0x000002e6       0x84 LCD.o
                0x000002e6                LCD_Init
 .text.LCD_CLEAR
                0x0000036a        0x8 LCD.o
                0x0000036a                LCD_CLEAR
 .text.vListInsertEnd
                0x00000372       0x42 list.o
                0x00000372                vListInsertEnd
 .text.uxListRemove
                0x000003b4       0x4e list.o
                0x000003b4                uxListRemove
 .text.main     0x00000402       0x42 main.o
                0x00000402                main
 .text.vPortYieldFromTick
                0x00000444       0xb8 port.o
                0x00000444                vPortYieldFromTick
 .text.__vector_7
                0x000004fc        0x6 port.o
                0x000004fc                __vector_7
 .text.Master_Init
                0x00000502        0xe SPI.o
                0x00000502                Master_Init
 .text.Master_Trans
                0x00000510        0xa SPI.o
                0x00000510                Master_Trans
 .text.prvResetNextTaskUnblockTime
                0x0000051a       0x38 tasks.o
 .text.xTaskIncrementTick
                0x00000552      0x17e tasks.o
                0x00000552                xTaskIncrementTick
 .text.vTaskSwitchContext
                0x000006d0       0xcc tasks.o
                0x000006d0                vTaskSwitchContext
 .text.UART_Init
                0x0000079c       0x10 UART.o
                0x0000079c                UART_Init
 .text.UART_Receive
                0x000007ac        0x8 UART.o
                0x000007ac                UART_Receive
                0x000007b4                . = ALIGN (0x2)
 *(.fini9)
 .fini9         0x000007b4        0x0 c:/program files (x86)/atmel/studio/7.0/toolchain/avr8/avr8-gnu-toolchain/bin/../lib/gcc/avr/5.4.0/avr5\libgcc.a(_exit.o)
                0x000007b4                _exit
                0x000007b4                exit
 *(.fini9)
 *(.fini8)
 *(.fini8)
 *(.fini7)
 *(.fini7)
 *(.fini6)
 *(.fini6)
 *(.fini5)
 *(.fini5)
 *(.fini4)
 *(.fini4)
 *(.fini3)
 *(.fini3)
 *(.fini2)
 *(.fini2)
 *(.fini1)
 *(.fini1)
 *(.fini0)
 .fini0         0x000007b4        0x4 c:/program files (x86)/atmel/studio/7.0/toolchain/avr8/avr8-gnu-toolchain/bin/../lib/gcc/avr/5.4.0/avr5\libgcc.a(_exit.o)
 *(.fini0)
                0x000007b8                _etext = .

.data           0x00800060        0x0 load address 0x000007b8
                0x00800060                PROVIDE (__data_start, .)
 *(.data)
 *(.data*)
 *(.gnu.linkonce.d*)
 *(.rodata)
 *(.rodata*)
 *(.gnu.linkonce.r*)
                0x00800060                . = ALIGN (0x2)
                0x00800060                _edata = .
                0x00800060                PROVIDE (__data_end, .)

.bss            0x00800060       0x34
                0x00800060                PROVIDE (__bss_start, .)
 *(.bss)
 *(.bss*)
 .bss.uxSchedulerSuspended
                0x00800060        0x1 tasks.o
 .bss.xNextTaskUnblockTime
                0x00800061        0x2 tasks.o
 .bss.xNumOfOverflows
                0x00800063        0x1 tasks.o
 .bss.xYieldPending
                0x00800064        0x1 tasks.o
 .bss.xPendedTicks
                0x00800065        0x2 tasks.o
 .bss.uxTopReadyPriority
                0x00800067        0x1 tasks.o
 .bss.xTickCount
                0x00800068        0x2 tasks.o
 .bss.pxOverflowDelayedTaskList
                0x0080006a        0x2 tasks.o
 .bss.pxDelayedTaskList
                0x0080006c        0x2 tasks.o
 .bss.pxReadyTasksLists
                0x0080006e       0x24 tasks.o
 .bss.pxCurrentTCB
                0x00800092        0x2 tasks.o
                0x00800092                pxCurrentTCB
 *(COMMON)
                0x00800094                PROVIDE (__bss_end, .)
                0x000007b8                __data_load_start = LOADADDR (.data)
                0x000007b8                __data_load_end = (__data_load_start + SIZEOF (.data))

.noinit         0x00800094        0x0
                [!provide]                PROVIDE (__noinit_start, .)
 *(.noinit*)
                [!provide]                PROVIDE (__noinit_end, .)
                0x00800094                _end = .
                [!provide]                PROVIDE (__heap_start, .)

.eeprom         0x00810000        0x0
 *(.eeprom*)
                0x00810000                __eeprom_end = .

.fuse
 *(.fuse)
 *(.lfuse)
 *(.hfuse)
 *(.efuse)

.lock
 *(.lock*)

.signature
 *(.signature*)

.user_signatures
 *(.user_signatures*)

.stab
 *(.stab)

.stabstr
 *(.stabstr)

.stab.excl
 *(.stab.excl)

.stab.exclstr
 *(.stab.exclstr)

.stab.index
 *(.stab.index)

.stab.indexstr
 *(.stab.indexstr)

.comment        0x00000000       0x30
 *(.comment)
 .comment       0x00000000       0x30 DIO.o
                                 0x31 (size before relaxing)
 .comment       0x00000030       0x31 LCD.o
 .comment       0x00000030       0x31 list.o
 .comment       0x00000030       0x31 main.o
 .comment       0x00000030       0x31 port.o
 .comment       0x00000030       0x31 SPI.o
 .comment       0x00000030       0x31 tasks.o
 .comment       0x00000030       0x31 UART.o

.note.gnu.avr.deviceinfo
                0x00000000       0x3c
 .note.gnu.avr.deviceinfo
                0x00000000       0x3c C:/Program Files (x86)/Atmel/Studio/7.0/Packs/Atmel/ATmega_DFP/1.3.300/gcc/dev/atmega32/avr5/crtatmega32.o

.note.gnu.build-id
 *(.note.gnu.build-id)

.debug
 *(.debug)

.line
 *(.line)

.debug_srcinfo
 *(.debug_srcinfo)

.debug_sfnames
 *(.debug_sfnames)

.debug_aranges  0x00000000      0x2c0
 *(.debug_aranges)
 .debug_aranges
                0x00000000       0x40 DIO.o
 .debug_aranges
                0x00000040       0x48 LCD.o
 .debug_aranges
                0x00000088       0x40 list.o
 .debug_aranges
                0x000000c8       0x20 main.o
 .debug_aranges
                0x000000e8       0x48 port.o
 .debug_aranges
                0x00000130       0x38 SPI.o
 .debug_aranges
                0x00000168      0x128 tasks.o
 .debug_aranges
                0x00000290       0x30 UART.o

.debug_pubnames
 *(.debug_pubnames)

.debug_info     0x00000000     0x30a1
 *(.debug_info .gnu.linkonce.wi.*)
 .debug_info    0x00000000      0x4e6 C:/Program Files (x86)/Atmel/Studio/7.0/Packs/Atmel/ATmega_DFP/1.3.300/gcc/dev/atmega32/avr5/crtatmega32.o
 .debug_info    0x000004e6      0x2e9 DIO.o
 .debug_info    0x000007cf      0x6d7 LCD.o
 .debug_info    0x00000ea6      0x2d8 list.o
 .debug_info    0x0000117e      0x15b main.o
 .debug_info    0x000012d9      0x263 port.o
 .debug_info    0x0000153c       0xe2 SPI.o
 .debug_info    0x0000161e     0x199f tasks.o
 .debug_info    0x00002fbd       0xe4 UART.o

.debug_abbrev   0x00000000      0xe62
 *(.debug_abbrev)
 .debug_abbrev  0x00000000      0x4a3 C:/Program Files (x86)/Atmel/Studio/7.0/Packs/Atmel/ATmega_DFP/1.3.300/gcc/dev/atmega32/avr5/crtatmega32.o
 .debug_abbrev  0x000004a3      0x141 DIO.o
 .debug_abbrev  0x000005e4      0x155 LCD.o
 .debug_abbrev  0x00000739       0xff list.o
 .debug_abbrev  0x00000838       0xb1 main.o
 .debug_abbrev  0x000008e9      0x155 port.o
 .debug_abbrev  0x00000a3e       0x94 SPI.o
 .debug_abbrev  0x00000ad2      0x305 tasks.o
 .debug_abbrev  0x00000dd7       0x8b UART.o

.debug_line     0x00000000     0x1ba4
 *(.debug_line .debug_line.* .debug_line_end)
 .debug_line    0x00000000      0x115 C:/Program Files (x86)/Atmel/Studio/7.0/Packs/Atmel/ATmega_DFP/1.3.300/gcc/dev/atmega32/avr5/crtatmega32.o
 .debug_line    0x00000115      0x2e0 DIO.o
 .debug_line    0x000003f5      0x2b7 LCD.o
 .debug_line    0x000006ac      0x1d0 list.o
 .debug_line    0x0000087c       0xff main.o
 .debug_line    0x0000097b      0x288 port.o
 .debug_line    0x00000c03      0x138 SPI.o
 .debug_line    0x00000d3b      0xd70 tasks.o
 .debug_line    0x00001aab       0xf9 UART.o

.debug_frame    0x00000000      0x724
 *(.debug_frame)
 .debug_frame   0x00000000       0x64 DIO.o
 .debug_frame   0x00000064       0x90 LCD.o
 .debug_frame   0x000000f4       0x88 list.o
 .debug_frame   0x0000017c       0x24 main.o
 .debug_frame   0x000001a0       0x74 port.o
 .debug_frame   0x00000214       0x54 SPI.o
 .debug_frame   0x00000268      0x478 tasks.o
 .debug_frame   0x000006e0       0x44 UART.o

.debug_str      0x00000000     0x109f
 *(.debug_str)
 .debug_str     0x00000000      0x196 C:/Program Files (x86)/Atmel/Studio/7.0/Packs/Atmel/ATmega_DFP/1.3.300/gcc/dev/atmega32/avr5/crtatmega32.o
 .debug_str     0x00000196      0x2d5 DIO.o
                                0x309 (size before relaxing)
 .debug_str     0x0000046b       0x5c LCD.o
                                0x2e8 (size before relaxing)
 .debug_str     0x000004c7      0x152 list.o
                                0x2da (size before relaxing)
 .debug_str     0x00000619       0x46 main.o
                                0x1de (size before relaxing)
 .debug_str     0x0000065f      0x118 port.o
                                0x2d3 (size before relaxing)
 .debug_str     0x00000777       0x21 SPI.o
                                0x1c9 (size before relaxing)
 .debug_str     0x00000798      0x8e4 tasks.o
                                0xc5c (size before relaxing)
 .debug_str     0x0000107c       0x23 UART.o
                                0x1cd (size before relaxing)

.debug_loc      0x00000000     0x277b
 *(.debug_loc)
 .debug_loc     0x00000000      0x3c0 DIO.o
 .debug_loc     0x000003c0      0x335 LCD.o
 .debug_loc     0x000006f5      0x145 list.o
 .debug_loc     0x0000083a       0x38 main.o
 .debug_loc     0x00000872      0x2a0 port.o
 .debug_loc     0x00000b12     0x1c48 tasks.o
 .debug_loc     0x0000275a       0x21 UART.o

.debug_macinfo
 *(.debug_macinfo)

.debug_weaknames
 *(.debug_weaknames)

.debug_funcnames
 *(.debug_funcnames)

.debug_typenames
 *(.debug_typenames)

.debug_varnames
 *(.debug_varnames)

.debug_pubtypes
 *(.debug_pubtypes)

.debug_ranges   0x00000000      0x2c0
 *(.debug_ranges)
 .debug_ranges  0x00000000       0x30 DIO.o
 .debug_ranges  0x00000030       0x38 LCD.o
 .debug_ranges  0x00000068       0x30 list.o
 .debug_ranges  0x00000098       0x10 main.o
 .debug_ranges  0x000000a8       0x38 port.o
 .debug_ranges  0x000000e0       0x28 SPI.o
 .debug_ranges  0x00000108      0x198 tasks.o
 .debug_ranges  0x000002a0       0x20 UART.o

.debug_macro
 *(.debug_macro)
OUTPUT(Interfacing_Modules_AMIT_F20.elf elf32-avr)
LOAD linker stubs
